empty
write to flash
Jtag frequency : requested 100.00KHz  -> real 100.00KHz 
found 1 devices
index 0:
	idcode 0x81b
	manufacturer Gowin
	family GW2A
	model  GW2A(R)-18(C)
	irlength 8
File type : fs
Parse file Parse E:\gaoyun\projects\audio_keys\audio_keys\impl\pnr\audio_keys.fs: 
checksum 0x70d8
Done
DONE
bitstream header infos
CRCCheck: ON
Compress: OFF
ConfDataLength: 1342
LoadingRate: 2500000
ProgramDoneBypass: OFF
SPIAddr: 00000000
SecurityBit: ON
idcode: 0000081b
after program flash: displayReadReg 00006020
	Memory Erase
	Done Final
	Security Final
Erase SRAM before erase sram: displayReadReg 00006020
	Memory Erase
	Done Final
	Security Final
pollFlag: 60a0 (80)
pollFlag: 4080 (0)
pollFlag: 4080 (0)
pollFlag: a0 (20)
after erase sram: displayReadReg 000000a0
	Memory Erase
	System Edit Mode
pollFlag: 20 (0)
after erase sram: displayReadReg 00000020
	Memory Erase
DONE
Jtag frequency : requested 2.50MHz    -> real 2.00MHz   
b 40 17 9 read b401709
Detail: 
Jedec ID          : 0b
memory type       : 40
memory capacity   : 17
b 40 17 3 read b401703
Detail: 
Jedec ID          : 0b
memory type       : 40
memory capacity   : 17
RDSR : 0x00
WIP  : 0
WEL  : 0
BP   : 0
TB   : 0
SRWD : 0
RDSR : 0x00
WIP  : 0
WEL  : 0
BP   : 0
TB   : 0
SRWD : 0
flash chip unknown: use basic protection detection
start addr: 00000000, end_addr: 00090000

Erasing: [==================================================] 100.00%

Done

Writing: [=                                                 ] 1.73%

Writing: [==========                                        ] 18.41%

Writing: [==================                                ] 35.13%

Writing: [=======================                           ] 44.27%
