*** GOWIN Tcl Command Line Console  *** 
current working directory: E:/gaoyun/projects/audio_probe/audio_probe
add new file: "E:/gaoyun/d-dfdf/audio_probe/audio_probe.v"
add new file: "E:/gaoyun/d-dfdf/audio_probe/audio.cst"
add new file: "E:/gaoyun/d-dfdf/audio_probe/audio.sdc"
GowinSynthesis start
Running parser ...
Analyzing Verilog file 'E:\gaoyun\d-dfdf\audio_probe\audio_probe.v'
Compiling module 'audio_probe'("E:\gaoyun\d-dfdf\audio_probe\audio_probe.v":4)
NOTE  (EX0101) : Current top module is "audio_probe"
[5%] Running netlist conversion ...
Running device independent optimization ...
[10%] Optimizing Phase 0 completed
[15%] Optimizing Phase 1 completed
[25%] Optimizing Phase 2 completed
Running inference ...
[30%] Inferring Phase 0 completed
[40%] Inferring Phase 1 completed
[50%] Inferring Phase 2 completed
[55%] Inferring Phase 3 completed
Running technical mapping ...
[60%] Tech-Mapping Phase 0 completed
[65%] Tech-Mapping Phase 1 completed
[75%] Tech-Mapping Phase 2 completed
[80%] Tech-Mapping Phase 3 completed
[90%] Tech-Mapping Phase 4 completed
[95%] Generate netlist file "E:\gaoyun\projects\audio_probe\audio_probe\impl\gwsynthesis\audio_probe.vg" completed
[100%] Generate report file "E:\gaoyun\projects\audio_probe\audio_probe\impl\gwsynthesis\audio_probe_syn.rpt.html" completed
GowinSynthesis finish
Reading netlist file: "E:\gaoyun\projects\audio_probe\audio_probe\impl\gwsynthesis\audio_probe.vg"
Parsing netlist file "E:\gaoyun\projects\audio_probe\audio_probe\impl\gwsynthesis\audio_probe.vg" completed
Processing netlist completed
Reading constraint file: "E:\gaoyun\d-dfdf\audio_probe\audio.cst"
Physical Constraint parsed completed
ERROR  (TA2000) : "E:\gaoyun\d-dfdf\audio_probe\audio.sdc":1 | 'syntax error' near token 'clk]'
